#! /c/Source/iverilog-install/bin/vvp
:ivl_version "12.0 (devel)" "(s20150603-1539-g2693dd32b)";
:ivl_delay_selection "TYPICAL";
:vpi_time_precision + 0;
:vpi_module "C:\iverilog\lib\ivl\system.vpi";
:vpi_module "C:\iverilog\lib\ivl\vhdl_sys.vpi";
:vpi_module "C:\iverilog\lib\ivl\vhdl_textio.vpi";
:vpi_module "C:\iverilog\lib\ivl\v2005_math.vpi";
:vpi_module "C:\iverilog\lib\ivl\va_math.vpi";
S_0000015e5c376680 .scope module, "and_gate" "and_gate" 2 1;
 .timescale 0 0;
    .port_info 0 /INPUT 1 "a";
    .port_info 1 /INPUT 1 "b";
    .port_info 2 /OUTPUT 1 "y";
o0000015e5c1d67c8 .functor BUFZ 1, C4<z>; HiZ drive
o0000015e5c1d67f8 .functor BUFZ 1, C4<z>; HiZ drive
L_0000015e5c37ef50 .functor AND 1, o0000015e5c1d67c8, o0000015e5c1d67f8, C4<1>, C4<1>;
v0000015e5c376f00_0 .net "a", 0 0, o0000015e5c1d67c8;  0 drivers
v0000015e5c377120_0 .net "b", 0 0, o0000015e5c1d67f8;  0 drivers
v0000015e5c376810_0 .net "y", 0 0, L_0000015e5c37ef50;  1 drivers
# The file index is used to find the file name in the following table.
:file_names 3;
    "N/A";
    "<interactive>";
    "and_gate.v";
